HSCC overnight run log — project session linking + digests epic (2026-09-22)
Written by hscc-orch supervisor session + cron. One plain-text line per transition.

2026-09-22 [card 1 t_8736f0d7 discovery] VERIFIED merged+pushed. merge_commit_dev=179f71c (dev == origin/dev == 179f71c, ff'd primary local dev from e5ce828). Branch commits on dev: 16a8c86 feat discovery, addcc4c tests, 0f036ef runtime probe seam-gate, 927b718 ci harness unset HERMES_DELEGATED_CHILD_CONTEXT. dev..branch count = 0 (branch fully merged). suite: dev baseline claim hscc-project 1209/1209 after harness fix (independently re-measuring in proc_4a9efcf8e6fb).
2026-09-22 supervisor cron hscc-overnight-supervisor (job 5400512ffba7) created, every 20m, change-gated. First tick 23:34.
2026-09-22 [MEASURED dev baseline at 179f71c] canonical `HSCC_TEST_PY=/Users/desac/miniconda3/envs/p313/bin/python bash scripts/run_tests.sh` -> EXIT=0 ALL GREEN 8/8: hscc-bootstrap 248, hscc-commands 59, hscc-roles 100, hscc-cluster 384 (14 skipped), hscc-project 1209, hscc_daemon 1121, sparkrun-hermes 8, hscc-api 787 (proc_4a9efcf8e6fb). hscc-roles 100/0 here under hscc-orch profile confirms worker's '1 hscc-roles fail' is a backend-engineer-profile-env artifact (missing that profile's profiles dir), not a code defect.
2026-09-22 [card 2 t_8c5363c9 link/unlink/list] running (run 705, worker pid 12706) as of 23:15; supervisor to verify merge on completion.
2026-09-22 [card 2 t_8c5363c9 link/unlink/list] DONE + VERIFIED merged+pushed (worker self-completed run 705). merge_commit_dev=dc25fa4 (dev==origin/dev==dc25fa4; worker fast-forwarded since wt/t_8c5363c9 strict linear descendant of dev and dev checked out in primary — content == no-ff). Landing: flightdeck/core/bindings.py load/save(atomic)/bind(idempotent numeric 1.0)/unbind(list/clean no-op); session_discovery reads via bindings.load; map_sessions.apply_mapping MERGES into canonical mapping.json (no clobber); project.py link/link --list/unlink. 20 new tests test_bindings.py; worker-measured hscc-project 1229/1229 (hermes venv). Full 8-pkg re-measure of merged dev started [proc_dd7aa46ca515]. Card 3 t_7a771891 auto-released + running (worker pid 19865).
2026-09-22 [MEASURED merged dev at dc25fa4 (after card 2)] canonical suite -> EXIT=0 ALL GREEN 8/8: bootstrap 248, commands 59, roles 100, cluster 384/14skip, project 1229 (+20 new tests vs 1209), daemon 1121, sparkrun 8, api 787 (proc_dd7aa46ca515). hscc-project 1229/1229 confirms worker's claim independently; hscc-roles 100/0 again under hscc-orch.
2026-09-22 [TICK no-op] re-verified card 2 merge: rev-list dev..wt/t_8c5363c9 = 0, origin/dev tip == dc25fa4 (pushed). Card 3 t_7a771891 running healthy, live worker pid 19865 (matches run 706), 1 commit ahead of dev (not yet merged — expected), no double-claim, no anomaly. Primary local dev == origin/dev == dc25fa4, working tree clean (only untracked overnight log). No ff needed. Card 4 t_c286ac98 todo (parent-gated on card 3). No action required.
2026-09-22 [TICK progress] card 3 t_7a771891 digest MERGED to local dev (f7ca7d0: f3b5b60 digest core + f7ca7d0 digest command+tests), 2 commits ahead of origin/dev (dc25fa4) — worker mid-integration (alive pid 19865, run 706, heartbeating ~60s, last hb <8min ago), almost certainly running full suite before its own push+report. NOT pushed yet; supervisor will verify origin/dev advances to f7ca7d0 next tick. No anomaly: single run, single pid, no double-claim; primary tree clean (only sanctioned untracked overnight log). Primary is AHEAD of origin (not behind), so no ff action — and I will NOT push for the worker (it owns the push+report per integration note; racing it risks pushing an unverified mid-suite state). No action required this tick.

[ORCH t+check] Card 3 digest worker (pid 19865, run 706) alive, regular heartbeats.
  worker fast-forwarded local dev ref to f7ca7d0 (f3b5b60 digest.py + f7ca7d0 project digest cmd + tests)
  origin/dev still dc25fa4 — worker mid-verification before push (card requires FULL SUITE GREEN on merged dev before push).
  NOT racing worker: local dev 2 ahead of origin, worker will push after suite green. primary worktree clean (only sanctioned log untracked).
  refs line: local dev=f7ca7d0, origin/dev=dc25fa4 (expected, worker staging integration).

[ORCH card3 integrated] origin/dev == local dev == f7ca7d0 (pushed). commits: f3b5b60 digest.py, f7ca7d0 project digest cmd+tests. worker fast-forward local dev then pushed origin. suite re-measure running proc_e17146b6d70c.

[ORCH card3 DONE+VERIFIED] dev@f7ca7d0 post-merge independent measurement proc_e17146b6d70c: ALL GREEN EXIT=0.
  bootstrap 248, commands 59, roles 100, cluster 384(14skip), project 1240, daemon 1121, sparkrun 8, api 787.
  worker's reported '1 hscc-roles fail' = profile-env artifact (roles 100 under orch context). card3 run 706 completed.
  dev==origin==f7ca7d0, worktree clean. card4 t_c286ac98 started run 707 pid 31488 (auto-promoted on card3 done).
2026-09-23 [TICK] card4 t_c286ac98 chat-seed RUNNING healthy. run 707 (backend-engineer), worker pid 31488 alive (ps confirmed, hermes -p backend-engineer ... chat -q work kanban task t_c286ac98), regular ~60s heartbeats since claim 00:18; last hb 00:35 (5.5min stale = normal mid-full-suite period; pid alive so not hung). dev==origin==f7ca7d0, primary worktree clean (only sanctioned untracked overnight log), no ff needed, no double-claim, no anomaly. No action required; card 4 will merge its own branch to dev + push per integration note, then supervisor re-verifies merge next tick.

[ORCH card4 MERGED+PUSHED] origin/dev==local dev==af2f1b8 (merge of c944636 fea seed-empt-orch-session-with-digest onto f7ca7d0; branch wt/t_c286ac98 1 feature commit + explicit merge). rev-list dev..wt/t_c286ac98 = 0 (fully merged). worker pid 31488 alive running its own full-suite on merged dev before self-complete.
[ORCH card4 DONE+VERIFIED] dev@af2f1b8 post-merge independent measurement proc_f3c978a5e9f8: ALL GREEN EXIT=0.
  bootstrap 248, commands 59, roles 100, cluster 384(14skip), project 1247, daemon 1121, sparkrun 8, api 787.
  ALL FOUR CARDS MERGED+PUSHED+GREEN. epic chain complete. next: finalize report md + commit + push + remove cron.
2026-09-23 [FINAL] epic complete — ALL FOUR CARDS MERGED+PUSHED+GREEN. dev==origin/dev==af2f1b8, primary clean (only sanctioned report files untracked). Supervisor re-verified via git merge-base --is-ancestor: 179f71c/dc25fa4/f7ca7d0/af2f1b8 all ancestors of dev. No live runs, no double-claim, no anomaly across the whole chain. Writing final evidence report docs/audits/overnight-2026-09-22.md, committing + pushing it, then removing this cron.
